/solver/container-scripts/core_probe.py:38: DeprecationWarning: datetime.datetime.utcnow() is deprecated and scheduled for removal in a future version. Use timezone-aware objects to represent datetimes in UTC: datetime.datetime.now(datetime.UTC).
  f.write(f"[{datetime.utcnow().isoformat()}Z] {message}\n")
/solver/container-scripts/core_probe.py:38: DeprecationWarning: datetime.datetime.utcnow() is deprecated and scheduled for removal in a future version. Use timezone-aware objects to represent datetimes in UTC: datetime.datetime.now(datetime.UTC).
  f.write(f"[{datetime.utcnow().isoformat()}Z] {message}\n")
 probe...
[2026-06-28T14:36:46.512077Z] Python: Python 3.12.3
[2026-06-28T14:36:46.512151Z] Running installed packages probe...
[2026-06-28T14:36:47.474680Z] Installed: {'torch': '2.11.0+cu130', 'torchaudio': '2.11.0+cu130', 'ctranslate2': '4.7.2', 'faster_whisper': '1.2.1'}
[2026-06-28T14:36:47.474763Z] Running pip freeze...
[2026-06-28T14:36:47.713353Z] Running torch import probe...
[2026-06-28T14:36:49.252222Z] Torch: 2.11.0+cu130, CUDA: False
[2026-06-28T14:36:49.252309Z] Running ctranslate2 import probe...
[2026-06-28T14:36:50.730689Z] ctranslate2: 4.7.2, CUDA: False
[2026-06-28T14:36:50.730758Z] Running faster-whisper import probe...
[2026-06-28T14:36:52.226947Z] faster-whisper: 1.2.1
[2026-06-28T14:36:52.227039Z] Running CUDA runtime probe...
[2026-06-28T14:36:52.411016Z] libcudart visible: True
[2026-06-28T14:36:52.411095Z] Generating synthetic WAV...
[2026-06-28T14:36:52.686897Z] WAV generated: /tmp/test.wav
[2026-06-28T14:36:52.686982Z] Running smoke test...
[2026-06-28T14:36:57.312643Z] Smoke test: pass
[2026-06-28T14:36:57.313322Z] Core probe complete
